15:09:40 **** Auto Build of configuration Debug for project ema_test ****
make pre-build main-build 
a9-linaro-pre-build-step
 
Building file: ../src/helloworld.c
Invoking: ARM v7 gcc compiler
arm-none-eabi-gcc -Wall -O0 -g3 -c -fmessage-length=0 -MT"src/helloworld.o" -mcpu=cortex-a9 -mfpu=vfpv3 -mfloat-abi=hard -I../../ema_test_bsp/ps7_cortexa9_0/include -MMD -MP -MF"src/helloworld.d" -MT"src/helloworld.o" -o "src/helloworld.o" "../src/helloworld.c"
Finished building: ../src/helloworld.c
 
Building target: ema_test.elf
Invoking: ARM v7 gcc linker
arm-none-eabi-gcc -mcpu=cortex-a9 -mfpu=vfpv3 -mfloat-abi=hard -Wl,-build-id=none -specs=Xilinx.spec -Wl,-T -Wl,../src/lscript.ld -L../../ema_test_bsp/ps7_cortexa9_0/lib -o "ema_test.elf"  ./src/helloworld.o ./src/platform.o   -Wl,--start-group,-lxil,-lgcc,-lc,--end-group
Finished building target: ema_test.elf
 
Invoking: ARM v7 Print Size
arm-none-eabi-size ema_test.elf  |tee "ema_test.elf.size"
   text	   data	    bss	    dec	    hex	filename
  71024	   3588	  23328	  97940	  17e94	ema_test.elf
Finished building: ema_test.elf.size
 

15:09:41 Build Finished (took 1s.764ms)

