13:54:27 **** Incremental Build of configuration Debug for project led_blink ****
make pre-build main-build 
a9-linaro-pre-build-step
 
make: Nothing to be done for 'main-build'.
13:54:47 **** Incremental Build of configuration Debug for project led_blink ****
make pre-build main-build 
a9-linaro-pre-build-step
 
make: Nothing to be done for 'main-build'.
13:56:17 **** Auto Build of configuration Debug for project led_blink ****
make pre-build main-build 
a9-linaro-pre-build-step
 
Building file: ../src/led_blink.c
Invoking: ARM v7 gcc compiler
arm-none-eabi-gcc -Wall -O0 -g3 -c -fmessage-length=0 -MT"src/led_blink.o" -mcpu=cortex-a9 -mfpu=vfpv3 -mfloat-abi=hard -I../../led_blink_bsp/ps7_cortexa9_0/include -MMD -MP -MF"src/led_blink.d" -MT"src/led_blink.o" -o "src/led_blink.o" "../src/led_blink.c"
Finished building: ../src/led_blink.c
 
Building target: led_blink.elf
Invoking: ARM v7 gcc linker
arm-none-eabi-gcc -mcpu=cortex-a9 -mfpu=vfpv3 -mfloat-abi=hard -Wl,-build-id=none -specs=Xilinx.spec -Wl,-T -Wl,../src/lscript.ld -L../../led_blink_bsp/ps7_cortexa9_0/lib -o "led_blink.elf"  ./src/led_blink.o ./src/platform.o   -Wl,--start-group,-lxil,-lgcc,-lc,--end-group
Finished building target: led_blink.elf
 
Invoking: ARM v7 Print Size
arm-none-eabi-size led_blink.elf  |tee "led_blink.elf.size"
   text	   data	    bss	    dec	    hex	filename
  23840	   1168	  22600	  47608	   b9f8	led_blink.elf
Finished building: led_blink.elf.size
 
13:56:29 **** Incremental Build of configuration Debug for project led_blink ****
make pre-build main-build 
a9-linaro-pre-build-step
 
make: Nothing to be done for 'main-build'.
13:57:11 **** Auto Build of configuration Debug for project led_blink ****
make pre-build main-build 
a9-linaro-pre-build-step
 
Building file: ../src/led_blink.c
Invoking: ARM v7 gcc compiler
arm-none-eabi-gcc -Wall -O0 -g3 -c -fmessage-length=0 -MT"src/led_blink.o" -mcpu=cortex-a9 -mfpu=vfpv3 -mfloat-abi=hard -I../../led_blink_bsp/ps7_cortexa9_0/include -MMD -MP -MF"src/led_blink.d" -MT"src/led_blink.o" -o "src/led_blink.o" "../src/led_blink.c"
Finished building: ../src/led_blink.c
 
Building target: led_blink.elf
Invoking: ARM v7 gcc linker
arm-none-eabi-gcc -mcpu=cortex-a9 -mfpu=vfpv3 -mfloat-abi=hard -Wl,-build-id=none -specs=Xilinx.spec -Wl,-T -Wl,../src/lscript.ld -L../../led_blink_bsp/ps7_cortexa9_0/lib -o "led_blink.elf"  ./src/led_blink.o ./src/platform.o   -Wl,--start-group,-lxil,-lgcc,-lc,--end-group
Finished building target: led_blink.elf
 
Invoking: ARM v7 Print Size
arm-none-eabi-size led_blink.elf  |tee "led_blink.elf.size"
   text	   data	    bss	    dec	    hex	filename
  23840	   1168	  22600	  47608	   b9f8	led_blink.elf
Finished building: led_blink.elf.size
 
13:57:36 **** Incremental Build of configuration Debug for project led_blink ****
make pre-build main-build 
a9-linaro-pre-build-step
 
make: Nothing to be done for 'main-build'.
13:59:44 **** Auto Build of configuration Debug for project led_blink ****
make pre-build main-build 
a9-linaro-pre-build-step
 
Building file: ../src/led_blink.c
Invoking: ARM v7 gcc compiler
arm-none-eabi-gcc -Wall -O0 -g3 -c -fmessage-length=0 -MT"src/led_blink.o" -mcpu=cortex-a9 -mfpu=vfpv3 -mfloat-abi=hard -I../../led_blink_bsp/ps7_cortexa9_0/include -MMD -MP -MF"src/led_blink.d" -MT"src/led_blink.o" -o "src/led_blink.o" "../src/led_blink.c"
Finished building: ../src/led_blink.c
 
Building target: led_blink.elf
Invoking: ARM v7 gcc linker
arm-none-eabi-gcc -mcpu=cortex-a9 -mfpu=vfpv3 -mfloat-abi=hard -Wl,-build-id=none -specs=Xilinx.spec -Wl,-T -Wl,../src/lscript.ld -L../../led_blink_bsp/ps7_cortexa9_0/lib -o "led_blink.elf"  ./src/led_blink.o ./src/platform.o   -Wl,--start-group,-lxil,-lgcc,-lc,--end-group
Finished building target: led_blink.elf
 
Invoking: ARM v7 Print Size
arm-none-eabi-size led_blink.elf  |tee "led_blink.elf.size"
   text	   data	    bss	    dec	    hex	filename
  23840	   1168	  22600	  47608	   b9f8	led_blink.elf
Finished building: led_blink.elf.size
 
13:59:49 **** Incremental Build of configuration Debug for project led_blink ****
make pre-build main-build 
a9-linaro-pre-build-step
 
make: Nothing to be done for 'main-build'.
14:03:11 **** Auto Build of configuration Debug for project led_blink ****
make pre-build main-build 
a9-linaro-pre-build-step
 
Building file: ../src/led_blink.c
Invoking: ARM v7 gcc compiler
arm-none-eabi-gcc -Wall -O0 -g3 -c -fmessage-length=0 -MT"src/led_blink.o" -mcpu=cortex-a9 -mfpu=vfpv3 -mfloat-abi=hard -I../../led_blink_bsp/ps7_cortexa9_0/include -MMD -MP -MF"src/led_blink.d" -MT"src/led_blink.o" -o "src/led_blink.o" "../src/led_blink.c"
Finished building: ../src/led_blink.c
 
Building target: led_blink.elf
Invoking: ARM v7 gcc linker
arm-none-eabi-gcc -mcpu=cortex-a9 -mfpu=vfpv3 -mfloat-abi=hard -Wl,-build-id=none -specs=Xilinx.spec -Wl,-T -Wl,../src/lscript.ld -L../../led_blink_bsp/ps7_cortexa9_0/lib -o "led_blink.elf"  ./src/led_blink.o ./src/platform.o   -Wl,--start-group,-lxil,-lgcc,-lc,--end-group
Finished building target: led_blink.elf
 
Invoking: ARM v7 Print Size
arm-none-eabi-size led_blink.elf  |tee "led_blink.elf.size"
   text	   data	    bss	    dec	    hex	filename
  23840	   1168	  22600	  47608	   b9f8	led_blink.elf
Finished building: led_blink.elf.size
 
14:03:17 **** Incremental Build of configuration Debug for project led_blink ****
make pre-build main-build 
a9-linaro-pre-build-step
 
make: Nothing to be done for 'main-build'.
14:03:50 **** Auto Build of configuration Debug for project led_blink ****
make pre-build main-build 
a9-linaro-pre-build-step
 
Building file: ../src/led_blink.c
Invoking: ARM v7 gcc compiler
arm-none-eabi-gcc -Wall -O0 -g3 -c -fmessage-length=0 -MT"src/led_blink.o" -mcpu=cortex-a9 -mfpu=vfpv3 -mfloat-abi=hard -I../../led_blink_bsp/ps7_cortexa9_0/include -MMD -MP -MF"src/led_blink.d" -MT"src/led_blink.o" -o "src/led_blink.o" "../src/led_blink.c"
Finished building: ../src/led_blink.c
 
Building target: led_blink.elf
Invoking: ARM v7 gcc linker
arm-none-eabi-gcc -mcpu=cortex-a9 -mfpu=vfpv3 -mfloat-abi=hard -Wl,-build-id=none -specs=Xilinx.spec -Wl,-T -Wl,../src/lscript.ld -L../../led_blink_bsp/ps7_cortexa9_0/lib -o "led_blink.elf"  ./src/led_blink.o ./src/platform.o   -Wl,--start-group,-lxil,-lgcc,-lc,--end-group
Finished building target: led_blink.elf
 
Invoking: ARM v7 Print Size
arm-none-eabi-size led_blink.elf  |tee "led_blink.elf.size"
   text	   data	    bss	    dec	    hex	filename
  23840	   1168	  22600	  47608	   b9f8	led_blink.elf
Finished building: led_blink.elf.size
 
14:03:54 **** Incremental Build of configuration Debug for project led_blink ****
make pre-build main-build 
a9-linaro-pre-build-step
 
make: Nothing to be done for 'main-build'.
14:04:35 **** Auto Build of configuration Debug for project led_blink ****
make pre-build main-build 
a9-linaro-pre-build-step
 
Building file: ../src/led_blink.c
Invoking: ARM v7 gcc compiler
arm-none-eabi-gcc -Wall -O0 -g3 -c -fmessage-length=0 -MT"src/led_blink.o" -mcpu=cortex-a9 -mfpu=vfpv3 -mfloat-abi=hard -I../../led_blink_bsp/ps7_cortexa9_0/include -MMD -MP -MF"src/led_blink.d" -MT"src/led_blink.o" -o "src/led_blink.o" "../src/led_blink.c"
Finished building: ../src/led_blink.c
 
Building target: led_blink.elf
Invoking: ARM v7 gcc linker
arm-none-eabi-gcc -mcpu=cortex-a9 -mfpu=vfpv3 -mfloat-abi=hard -Wl,-build-id=none -specs=Xilinx.spec -Wl,-T -Wl,../src/lscript.ld -L../../led_blink_bsp/ps7_cortexa9_0/lib -o "led_blink.elf"  ./src/led_blink.o ./src/platform.o   -Wl,--start-group,-lxil,-lgcc,-lc,--end-group
Finished building target: led_blink.elf
 
Invoking: ARM v7 Print Size
arm-none-eabi-size led_blink.elf  |tee "led_blink.elf.size"
   text	   data	    bss	    dec	    hex	filename
  23840	   1168	  22600	  47608	   b9f8	led_blink.elf
Finished building: led_blink.elf.size
 
14:04:40 **** Incremental Build of configuration Debug for project led_blink ****
make pre-build main-build 
a9-linaro-pre-build-step
 
make: Nothing to be done for 'main-build'.
14:06:08 **** Auto Build of configuration Debug for project led_blink ****
make pre-build main-build 
a9-linaro-pre-build-step
 
Building file: ../src/led_blink.c
Invoking: ARM v7 gcc compiler
arm-none-eabi-gcc -Wall -O0 -g3 -c -fmessage-length=0 -MT"src/led_blink.o" -mcpu=cortex-a9 -mfpu=vfpv3 -mfloat-abi=hard -I../../led_blink_bsp/ps7_cortexa9_0/include -MMD -MP -MF"src/led_blink.d" -MT"src/led_blink.o" -o "src/led_blink.o" "../src/led_blink.c"
Finished building: ../src/led_blink.c
 
Building target: led_blink.elf
Invoking: ARM v7 gcc linker
arm-none-eabi-gcc -mcpu=cortex-a9 -mfpu=vfpv3 -mfloat-abi=hard -Wl,-build-id=none -specs=Xilinx.spec -Wl,-T -Wl,../src/lscript.ld -L../../led_blink_bsp/ps7_cortexa9_0/lib -o "led_blink.elf"  ./src/led_blink.o ./src/platform.o   -Wl,--start-group,-lxil,-lgcc,-lc,--end-group
Finished building target: led_blink.elf
 
Invoking: ARM v7 Print Size
arm-none-eabi-size led_blink.elf  |tee "led_blink.elf.size"
   text	   data	    bss	    dec	    hex	filename
  23840	   1168	  22600	  47608	   b9f8	led_blink.elf
Finished building: led_blink.elf.size
 
14:06:17 **** Auto Build of configuration Debug for project led_blink ****
make pre-build main-build 
a9-linaro-pre-build-step
 
Building file: ../src/led_blink.c
Invoking: ARM v7 gcc compiler
arm-none-eabi-gcc -Wall -O0 -g3 -c -fmessage-length=0 -MT"src/led_blink.o" -mcpu=cortex-a9 -mfpu=vfpv3 -mfloat-abi=hard -I../../led_blink_bsp/ps7_cortexa9_0/include -MMD -MP -MF"src/led_blink.d" -MT"src/led_blink.o" -o "src/led_blink.o" "../src/led_blink.c"
Finished building: ../src/led_blink.c
 
Building target: led_blink.elf
Invoking: ARM v7 gcc linker
arm-none-eabi-gcc -mcpu=cortex-a9 -mfpu=vfpv3 -mfloat-abi=hard -Wl,-build-id=none -specs=Xilinx.spec -Wl,-T -Wl,../src/lscript.ld -L../../led_blink_bsp/ps7_cortexa9_0/lib -o "led_blink.elf"  ./src/led_blink.o ./src/platform.o   -Wl,--start-group,-lxil,-lgcc,-lc,--end-group
Finished building target: led_blink.elf
 
Invoking: ARM v7 Print Size
arm-none-eabi-size led_blink.elf  |tee "led_blink.elf.size"
   text	   data	    bss	    dec	    hex	filename
  23840	   1168	  22600	  47608	   b9f8	led_blink.elf
Finished building: led_blink.elf.size
 
14:06:29 **** Auto Build of configuration Debug for project led_blink ****
make pre-build main-build 
a9-linaro-pre-build-step
 
Building file: ../src/led_blink.c
Invoking: ARM v7 gcc compiler
arm-none-eabi-gcc -Wall -O0 -g3 -c -fmessage-length=0 -MT"src/led_blink.o" -mcpu=cortex-a9 -mfpu=vfpv3 -mfloat-abi=hard -I../../led_blink_bsp/ps7_cortexa9_0/include -MMD -MP -MF"src/led_blink.d" -MT"src/led_blink.o" -o "src/led_blink.o" "../src/led_blink.c"
Finished building: ../src/led_blink.c
 
Building target: led_blink.elf
Invoking: ARM v7 gcc linker
arm-none-eabi-gcc -mcpu=cortex-a9 -mfpu=vfpv3 -mfloat-abi=hard -Wl,-build-id=none -specs=Xilinx.spec -Wl,-T -Wl,../src/lscript.ld -L../../led_blink_bsp/ps7_cortexa9_0/lib -o "led_blink.elf"  ./src/led_blink.o ./src/platform.o   -Wl,--start-group,-lxil,-lgcc,-lc,--end-group
Finished building target: led_blink.elf
 
Invoking: ARM v7 Print Size
arm-none-eabi-size led_blink.elf  |tee "led_blink.elf.size"
   text	   data	    bss	    dec	    hex	filename
  23840	   1168	  22600	  47608	   b9f8	led_blink.elf
Finished building: led_blink.elf.size
 
14:06:34 **** Incremental Build of configuration Debug for project led_blink ****
make pre-build main-build 
a9-linaro-pre-build-step
 
make: Nothing to be done for 'main-build'.
14:06:48 **** Auto Build of configuration Debug for project led_blink ****
make pre-build main-build 
a9-linaro-pre-build-step
 
Building file: ../src/led_blink.c
Invoking: ARM v7 gcc compiler
arm-none-eabi-gcc -Wall -O0 -g3 -c -fmessage-length=0 -MT"src/led_blink.o" -mcpu=cortex-a9 -mfpu=vfpv3 -mfloat-abi=hard -I../../led_blink_bsp/ps7_cortexa9_0/include -MMD -MP -MF"src/led_blink.d" -MT"src/led_blink.o" -o "src/led_blink.o" "../src/led_blink.c"
Finished building: ../src/led_blink.c
 
Building target: led_blink.elf
Invoking: ARM v7 gcc linker
arm-none-eabi-gcc -mcpu=cortex-a9 -mfpu=vfpv3 -mfloat-abi=hard -Wl,-build-id=none -specs=Xilinx.spec -Wl,-T -Wl,../src/lscript.ld -L../../led_blink_bsp/ps7_cortexa9_0/lib -o "led_blink.elf"  ./src/led_blink.o ./src/platform.o   -Wl,--start-group,-lxil,-lgcc,-lc,--end-group
Finished building target: led_blink.elf
 
Invoking: ARM v7 Print Size
arm-none-eabi-size led_blink.elf  |tee "led_blink.elf.size"
   text	   data	    bss	    dec	    hex	filename
  23840	   1168	  22600	  47608	   b9f8	led_blink.elf
Finished building: led_blink.elf.size
 
14:06:54 **** Auto Build of configuration Debug for project led_blink ****
make pre-build main-build 
a9-linaro-pre-build-step
 
Building file: ../src/led_blink.c
Invoking: ARM v7 gcc compiler
arm-none-eabi-gcc -Wall -O0 -g3 -c -fmessage-length=0 -MT"src/led_blink.o" -mcpu=cortex-a9 -mfpu=vfpv3 -mfloat-abi=hard -I../../led_blink_bsp/ps7_cortexa9_0/include -MMD -MP -MF"src/led_blink.d" -MT"src/led_blink.o" -o "src/led_blink.o" "../src/led_blink.c"
Finished building: ../src/led_blink.c
 
Building target: led_blink.elf
Invoking: ARM v7 gcc linker
arm-none-eabi-gcc -mcpu=cortex-a9 -mfpu=vfpv3 -mfloat-abi=hard -Wl,-build-id=none -specs=Xilinx.spec -Wl,-T -Wl,../src/lscript.ld -L../../led_blink_bsp/ps7_cortexa9_0/lib -o "led_blink.elf"  ./src/led_blink.o ./src/platform.o   -Wl,--start-group,-lxil,-lgcc,-lc,--end-group
Finished building target: led_blink.elf
 
Invoking: ARM v7 Print Size
arm-none-eabi-size led_blink.elf  |tee "led_blink.elf.size"
   text	   data	    bss	    dec	    hex	filename
  23840	   1168	  22600	  47608	   b9f8	led_blink.elf
Finished building: led_blink.elf.size
 
14:06:57 **** Incremental Build of configuration Debug for project led_blink ****
make pre-build main-build 
a9-linaro-pre-build-step
 
make: Nothing to be done for 'main-build'.
14:07:21 **** Auto Build of configuration Debug for project led_blink ****
make pre-build main-build 
a9-linaro-pre-build-step
 
Building file: ../src/led_blink.c
Invoking: ARM v7 gcc compiler
arm-none-eabi-gcc -Wall -O0 -g3 -c -fmessage-length=0 -MT"src/led_blink.o" -mcpu=cortex-a9 -mfpu=vfpv3 -mfloat-abi=hard -I../../led_blink_bsp/ps7_cortexa9_0/include -MMD -MP -MF"src/led_blink.d" -MT"src/led_blink.o" -o "src/led_blink.o" "../src/led_blink.c"
Finished building: ../src/led_blink.c
 
Building target: led_blink.elf
Invoking: ARM v7 gcc linker
arm-none-eabi-gcc -mcpu=cortex-a9 -mfpu=vfpv3 -mfloat-abi=hard -Wl,-build-id=none -specs=Xilinx.spec -Wl,-T -Wl,../src/lscript.ld -L../../led_blink_bsp/ps7_cortexa9_0/lib -o "led_blink.elf"  ./src/led_blink.o ./src/platform.o   -Wl,--start-group,-lxil,-lgcc,-lc,--end-group
Finished building target: led_blink.elf
 
Invoking: ARM v7 Print Size
arm-none-eabi-size led_blink.elf  |tee "led_blink.elf.size"
   text	   data	    bss	    dec	    hex	filename
  23840	   1168	  22600	  47608	   b9f8	led_blink.elf
Finished building: led_blink.elf.size
 
14:07:25 **** Incremental Build of configuration Debug for project led_blink ****
make pre-build main-build 
a9-linaro-pre-build-step
 
make: Nothing to be done for 'main-build'.
14:08:28 **** Auto Build of configuration Debug for project led_blink ****
make pre-build main-build 
a9-linaro-pre-build-step
 
Building file: ../src/led_blink.c
Invoking: ARM v7 gcc compiler
arm-none-eabi-gcc -Wall -O0 -g3 -c -fmessage-length=0 -MT"src/led_blink.o" -mcpu=cortex-a9 -mfpu=vfpv3 -mfloat-abi=hard -I../../led_blink_bsp/ps7_cortexa9_0/include -MMD -MP -MF"src/led_blink.d" -MT"src/led_blink.o" -o "src/led_blink.o" "../src/led_blink.c"
Finished building: ../src/led_blink.c
 
Building target: led_blink.elf
Invoking: ARM v7 gcc linker
arm-none-eabi-gcc -mcpu=cortex-a9 -mfpu=vfpv3 -mfloat-abi=hard -Wl,-build-id=none -specs=Xilinx.spec -Wl,-T -Wl,../src/lscript.ld -L../../led_blink_bsp/ps7_cortexa9_0/lib -o "led_blink.elf"  ./src/led_blink.o ./src/platform.o   -Wl,--start-group,-lxil,-lgcc,-lc,--end-group
Finished building target: led_blink.elf
 
Invoking: ARM v7 Print Size
arm-none-eabi-size led_blink.elf  |tee "led_blink.elf.size"
   text	   data	    bss	    dec	    hex	filename
  23840	   1168	  22600	  47608	   b9f8	led_blink.elf
Finished building: led_blink.elf.size
 
14:08:30 **** Auto Build of configuration Debug for project led_blink ****
make pre-build main-build 
a9-linaro-pre-build-step
 
Building file: ../src/led_blink.c
Invoking: ARM v7 gcc compiler
arm-none-eabi-gcc -Wall -O0 -g3 -c -fmessage-length=0 -MT"src/led_blink.o" -mcpu=cortex-a9 -mfpu=vfpv3 -mfloat-abi=hard -I../../led_blink_bsp/ps7_cortexa9_0/include -MMD -MP -MF"src/led_blink.d" -MT"src/led_blink.o" -o "src/led_blink.o" "../src/led_blink.c"
../src/led_blink.c: In function 'main':
../src/led_blink.c:56:20: error: expected ')' before ';' token
 #define LED  0b1111;
                    ^
../src/led_blink.c:87:46: note: in expansion of macro 'LED'
  XGpio_SetDataDirection(&Gpio, LED_CHANNEL, ~LED);
                                              ^~~
../src/led_blink.c:56:20: error: expected ')' before ';' token
 #define LED  0b1111;
                    ^
../src/led_blink.c:92:43: note: in expansion of macro 'LED'
   XGpio_DiscreteWrite(&Gpio, LED_CHANNEL, LED);
                                           ^~~
../src/led_blink.c:56:20: error: expected ')' before ';' token
 #define LED  0b1111;
                    ^
../src/led_blink.c:98:43: note: in expansion of macro 'LED'
   XGpio_DiscreteClear(&Gpio, LED_CHANNEL, LED);
                                           ^~~
make: *** [src/led_blink.o] Error 1
src/subdir.mk:24: recipe for target 'src/led_blink.o' failed
14:09:43 **** Auto Build of configuration Debug for project led_blink ****
make pre-build main-build 
a9-linaro-pre-build-step
 
Building file: ../src/led_blink.c
Invoking: ARM v7 gcc compiler
arm-none-eabi-gcc -Wall -O0 -g3 -c -fmessage-length=0 -MT"src/led_blink.o" -mcpu=cortex-a9 -mfpu=vfpv3 -mfloat-abi=hard -I../../led_blink_bsp/ps7_cortexa9_0/include -MMD -MP -MF"src/led_blink.d" -MT"src/led_blink.o" -o "src/led_blink.o" "../src/led_blink.c"
../src/led_blink.c: In function 'main':
../src/led_blink.c:56:17: error: expected ')' before ';' token
 #define LED   15;
src/subdir.mk:24: recipe for target 'src/led_blink.o' failed
                 ^
../src/led_blink.c:87:46: note: in expansion of macro 'LED'
  XGpio_SetDataDirection(&Gpio, LED_CHANNEL, ~LED);
                                              ^~~
../src/led_blink.c:56:17: error: expected ')' before ';' token
 #define LED   15;
                 ^
../src/led_blink.c:92:43: note: in expansion of macro 'LED'
   XGpio_DiscreteWrite(&Gpio, LED_CHANNEL, LED);
                                           ^~~
../src/led_blink.c:56:17: error: expected ')' before ';' token
 #define LED   15;
                 ^
../src/led_blink.c:98:43: note: in expansion of macro 'LED'
   XGpio_DiscreteClear(&Gpio, LED_CHANNEL, LED);
                                           ^~~
make: *** [src/led_blink.o] Error 1
14:09:56 **** Auto Build of configuration Debug for project led_blink ****
make pre-build main-build 
a9-linaro-pre-build-step
 
Building file: ../src/led_blink.c
Invoking: ARM v7 gcc compiler
arm-none-eabi-gcc -Wall -O0 -g3 -c -fmessage-length=0 -MT"src/led_blink.o" -mcpu=cortex-a9 -mfpu=vfpv3 -mfloat-abi=hard -I../../led_blink_bsp/ps7_cortexa9_0/include -MMD -MP -MF"src/led_blink.d" -MT"src/led_blink.o" -o "src/led_blink.o" "../src/led_blink.c"
Finished building: ../src/led_blink.c
 
Building target: led_blink.elf
Invoking: ARM v7 gcc linker
arm-none-eabi-gcc -mcpu=cortex-a9 -mfpu=vfpv3 -mfloat-abi=hard -Wl,-build-id=none -specs=Xilinx.spec -Wl,-T -Wl,../src/lscript.ld -L../../led_blink_bsp/ps7_cortexa9_0/lib -o "led_blink.elf"  ./src/led_blink.o ./src/platform.o   -Wl,--start-group,-lxil,-lgcc,-lc,--end-group
Finished building target: led_blink.elf
 
Invoking: ARM v7 Print Size
arm-none-eabi-size led_blink.elf  |tee "led_blink.elf.size"
   text	   data	    bss	    dec	    hex	filename
  23840	   1168	  22600	  47608	   b9f8	led_blink.elf
Finished building: led_blink.elf.size
 
14:10:02 **** Incremental Build of configuration Debug for project led_blink ****
make pre-build main-build 
a9-linaro-pre-build-step
 
make: Nothing to be done for 'main-build'.
14:12:50 **** Auto Build of configuration Debug for project led_blink ****
make pre-build main-build 
a9-linaro-pre-build-step
 
Building file: ../src/led_blink.c
Invoking: ARM v7 gcc compiler
arm-none-eabi-gcc -Wall -O0 -g3 -c -fmessage-length=0 -MT"src/led_blink.o" -mcpu=cortex-a9 -mfpu=vfpv3 -mfloat-abi=hard -I../../led_blink_bsp/ps7_cortexa9_0/include -MMD -MP -MF"src/led_blink.d" -MT"src/led_blink.o" -o "src/led_blink.o" "../src/led_blink.c"
Finished building: ../src/led_blink.c
 
Building target: led_blink.elf
Invoking: ARM v7 gcc linker
arm-none-eabi-gcc -mcpu=cortex-a9 -mfpu=vfpv3 -mfloat-abi=hard -Wl,-build-id=none -specs=Xilinx.spec -Wl,-T -Wl,../src/lscript.ld -L../../led_blink_bsp/ps7_cortexa9_0/lib -o "led_blink.elf"  ./src/led_blink.o ./src/platform.o   -Wl,--start-group,-lxil,-lgcc,-lc,--end-group
Finished building target: led_blink.elf
 
Invoking: ARM v7 Print Size
arm-none-eabi-size led_blink.elf  |tee "led_blink.elf.size"
   text	   data	    bss	    dec	    hex	filename
  23840	   1168	  22600	  47608	   b9f8	led_blink.elf
Finished building: led_blink.elf.size
 
14:19:44 **** Incremental Build of configuration Debug for project led_blink ****
make pre-build main-build 
a9-linaro-pre-build-step
 
make: Nothing to be done for 'main-build'.
14:50:12 **** Auto Build of configuration Debug for project led_blink ****
make pre-build main-build 
a9-linaro-pre-build-step
 
Building file: ../src/led_blink.c
Invoking: ARM v7 gcc compiler
arm-none-eabi-gcc -Wall -O0 -g3 -c -fmessage-length=0 -MT"src/led_blink.o" -mcpu=cortex-a9 -mfpu=vfpv3 -mfloat-abi=hard -I../../led_blink_bsp/ps7_cortexa9_0/include -MMD -MP -MF"src/led_blink.d" -MT"src/led_blink.o" -o "src/led_blink.o" "../src/led_blink.c"
Finished building: ../src/led_blink.c
 
Building target: led_blink.elf
Invoking: ARM v7 gcc linker
arm-none-eabi-gcc -mcpu=cortex-a9 -mfpu=vfpv3 -mfloat-abi=hard -Wl,-build-id=none -specs=Xilinx.spec -Wl,-T -Wl,../src/lscript.ld -L../../led_blink_bsp/ps7_cortexa9_0/lib -o "led_blink.elf"  ./src/led_blink.o ./src/platform.o   -Wl,--start-group,-lxil,-lgcc,-lc,--end-group
Finished building target: led_blink.elf
 
Invoking: ARM v7 Print Size
arm-none-eabi-size led_blink.elf  |tee "led_blink.elf.size"
   text	   data	    bss	    dec	    hex	filename
  23900	   1168	  22600	  47668	   ba34	led_blink.elf
Finished building: led_blink.elf.size
 
14:51:16 **** Auto Build of configuration Debug for project led_blink ****
make pre-build main-build 
a9-linaro-pre-build-step
 
Building file: ../src/led_blink.c
Invoking: ARM v7 gcc compiler
arm-none-eabi-gcc -Wall -O0 -g3 -c -fmessage-length=0 -MT"src/led_blink.o" -mcpu=cortex-a9 -mfpu=vfpv3 -mfloat-abi=hard -I../../led_blink_bsp/ps7_cortexa9_0/include -MMD -MP -MF"src/led_blink.d" -MT"src/led_blink.o" -o "src/led_blink.o" "../src/led_blink.c"
../src/led_blink.c:68:1: error: unknown type name 'XGpio'
 XGpio Gpio;
 ^~~~~
../src/led_blink.c: In function 'main':
../src/led_blink.c:80:14: warning: implicit declaration of function 'XGpio_Initialize' [-Wimplicit-function-declaration]
     Status = XGpio_Initialize(&Gpio, LEDS_4BITS);
              ^~~~~~~~~~~~~~~~
../src/led_blink.c:81:19: error: 'XST_SUCCESS' undeclared (first use in this function)
     if (Status != XST_SUCCESS){
                   ^~~~~~~~~~~
../src/led_blink.c:81:19: note: each undeclared identifier is reported only once for each function it appears in
../src/led_blink.c:83:13: error: 'XST_FAILURE' undeclared (first use in this function)
      return XST_FAILURE;
             ^~~~~~~~~~~
../src/led_blink.c:86:5: warning: implicit declaration of function 'XGpio_SetDataDirection' [-Wimplicit-function-declaration]
     XGpio_SetDataDirection(&Gpio, LED_CHANNEL, 0x0);
     ^~~~~~~~~~~~~~~~~~~~~~
../src/led_blink.c:91:3: warning: implicit declaration of function 'XGpio_DiscreteWrite' [-Wimplicit-function-declaration]
   XGpio_DiscreteWrite(&Gpio, LED_CHANNEL, LED);
   ^~~~~~~~~~~~~~~~~~~
../src/led_blink.c:97:3: warning: implicit declaration of function 'XGpio_DiscreteClear' [-Wimplicit-function-declaration]
   XGpio_DiscreteClear(&Gpio, LED_CHANNEL, LED);
   ^~~~~~~~~~~~~~~~~~~
src/subdir.mk:24: recipe for target 'src/led_blink.o' failed
make: *** [src/led_blink.o] Error 1
14:56:23 **** Auto Build of configuration Debug for project led_blink ****
make pre-build main-build 
a9-linaro-pre-build-step
 
Building file: ../src/led_blink.c
Invoking: ARM v7 gcc compiler
arm-none-eabi-gcc -Wall -O0 -g3 -c -fmessage-length=0 -MT"src/led_blink.o" -mcpu=cortex-a9 -mfpu=vfpv3 -mfloat-abi=hard -I../../led_blink_bsp/ps7_cortexa9_0/include -MMD -MP -MF"src/led_blink.d" -MT"src/led_blink.o" -o "src/led_blink.o" "../src/led_blink.c"
../src/led_blink.c:67:1: error: unknown type name 'XGpio'
 XGpio Gpio;
 ^~~~~
../src/led_blink.c: In function 'main':
../src/led_blink.c:79:14: warning: implicit declaration of function 'XGpio_Initialize' [-Wimplicit-function-declaration]
     Status = XGpio_Initialize(&Gpio, LEDS_4BITS);
              ^~~~~~~~~~~~~~~~
../src/led_blink.c:80:19: error: 'XST_SUCCESS' undeclared (first use in this function)
     if (Status != XST_SUCCESS){
                   ^~~~~~~~~~~
../src/led_blink.c:80:19: note: each undeclared identifier is reported only once for each function it appears in
../src/led_blink.c:82:13: error: 'XST_FAILURE' undeclared (first use in this function)
      return XST_FAILURE;
             ^~~~~~~~~~~
../src/led_blink.c:85:5: warning: implicit declaration of function 'XGpio_SetDataDirection' [-Wimplicit-function-declaration]
     XGpio_SetDataDirection(&Gpio, LED_CHANNEL, 0x0);
     ^~~~~~~~~~~~~~~~~~~~~~
../src/led_blink.c:90:3: warning: implicit declaration of function 'XGpio_DiscreteWrite' [-Wimplicit-function-declaration]
   XGpio_DiscreteWrite(&Gpio, LED_CHANNEL, LED);
   ^~~~~~~~~~~~~~~~~~~
../src/led_blink.c:96:3: warning: implicit declaration of function 'XGpio_DiscreteClear' [-Wimplicit-function-declaration]
   XGpio_DiscreteClear(&Gpio, LED_CHANNEL, LED);
   ^~~~~~~~~~~~~~~~~~~
src/subdir.mk:24: recipe for target 'src/led_blink.o' failed
make: *** [src/led_blink.o] Error 1
14:56:30 **** Auto Build of configuration Debug for project led_blink ****
make pre-build main-build 
a9-linaro-pre-build-step
 
Building file: ../src/led_blink.c
Invoking: ARM v7 gcc compiler
arm-none-eabi-gcc -Wall -O0 -g3 -c -fmessage-length=0 -MT"src/led_blink.o" -mcpu=cortex-a9 -mfpu=vfpv3 -mfloat-abi=hard -I../../led_blink_bsp/ps7_cortexa9_0/include -MMD -MP -MF"src/led_blink.d" -MT"src/led_blink.o" -o "src/led_blink.o" "../src/led_blink.c"
Finished building: ../src/led_blink.c
 
Building target: led_blink.elf
Invoking: ARM v7 gcc linker
arm-none-eabi-gcc -mcpu=cortex-a9 -mfpu=vfpv3 -mfloat-abi=hard -Wl,-build-id=none -specs=Xilinx.spec -Wl,-T -Wl,../src/lscript.ld -L../../led_blink_bsp/ps7_cortexa9_0/lib -o "led_blink.elf"  ./src/led_blink.o ./src/platform.o   -Wl,--start-group,-lxil,-lgcc,-lc,--end-group
Finished building target: led_blink.elf
 
Invoking: ARM v7 Print Size
arm-none-eabi-size led_blink.elf  |tee "led_blink.elf.size"
   text	   data	    bss	    dec	    hex	filename
  23820	   1168	  22600	  47588	   b9e4	led_blink.elf
Finished building: led_blink.elf.size
 
14:57:48 **** Incremental Build of configuration Debug for project led_blink ****
make pre-build main-build 
a9-linaro-pre-build-step
 
make: Nothing to be done for 'main-build'.
15:29:15 **** Auto Build of configuration Debug for project led_blink ****
make pre-build main-build 
a9-linaro-pre-build-step
 
Building file: ../src/led_blink.c
Invoking: ARM v7 gcc compiler
arm-none-eabi-gcc -Wall -O0 -g3 -c -fmessage-length=0 -MT"src/led_blink.o" -mcpu=cortex-a9 -mfpu=vfpv3 -mfloat-abi=hard -I../../led_blink_bsp/ps7_cortexa9_0/include -MMD -MP -MF"src/led_blink.d" -MT"src/led_blink.o" -o "src/led_blink.o" "../src/led_blink.c"
Finished building: ../src/led_blink.c
 
Building target: led_blink.elf
Invoking: ARM v7 gcc linker
arm-none-eabi-gcc -mcpu=cortex-a9 -mfpu=vfpv3 -mfloat-abi=hard -Wl,-build-id=none -specs=Xilinx.spec -Wl,-T -Wl,../src/lscript.ld -L../../led_blink_bsp/ps7_cortexa9_0/lib -o "led_blink.elf"  ./src/led_blink.o ./src/platform.o   -Wl,--start-group,-lxil,-lgcc,-lc,--end-group
Finished building target: led_blink.elf
 
Invoking: ARM v7 Print Size
arm-none-eabi-size led_blink.elf  |tee "led_blink.elf.size"
   text	   data	    bss	    dec	    hex	filename
  23820	   1168	  22600	  47588	   b9e4	led_blink.elf
Finished building: led_blink.elf.size
 
15:36:40 **** Auto Build of configuration Debug for project led_blink ****
make pre-build main-build 
a9-linaro-pre-build-step
 
Building file: ../src/led_blink.c
Invoking: ARM v7 gcc compiler
arm-none-eabi-gcc -Wall -O0 -g3 -c -fmessage-length=0 -MT"src/led_blink.o" -mcpu=cortex-a9 -mfpu=vfpv3 -mfloat-abi=hard -I../../led_blink_bsp/ps7_cortexa9_0/include -MMD -MP -MF"src/led_blink.d" -MT"src/led_blink.o" -o "src/led_blink.o" "../src/led_blink.c"
Finished building: ../src/led_blink.c
 
Building target: led_blink.elf
Invoking: ARM v7 gcc linker
arm-none-eabi-gcc -mcpu=cortex-a9 -mfpu=vfpv3 -mfloat-abi=hard -Wl,-build-id=none -specs=Xilinx.spec -Wl,-T -Wl,../src/lscript.ld -L../../led_blink_bsp/ps7_cortexa9_0/lib -o "led_blink.elf"  ./src/led_blink.o ./src/platform.o   -Wl,--start-group,-lxil,-lgcc,-lc,--end-group
Finished building target: led_blink.elf
 
Invoking: ARM v7 Print Size
arm-none-eabi-size led_blink.elf  |tee "led_blink.elf.size"
   text	   data	    bss	    dec	    hex	filename
  23820	   1168	  22600	  47588	   b9e4	led_blink.elf
Finished building: led_blink.elf.size
 
22:09:25 **** Auto Build of configuration Debug for project led_blink ****
make pre-build main-build 
a9-linaro-pre-build-step
' '
'Building file: ../src/led_blink.c'
'Invoking: ARM v7 gcc compiler'
arm-none-eabi-gcc -Wall -O0 -g3 -c -fmessage-length=0 -MT"src/led_blink.o" -mcpu=cortex-a9 -mfpu=vfpv3 -mfloat-abi=hard -I../../led_blink_bsp/ps7_cortexa9_0/include -MMD -MP -MF"src/led_blink.d" -MT"src/led_blink.o" -o "src/led_blink.o" "../src/led_blink.c"
'Finished building: ../src/led_blink.c'
' '
'Building file: ../src/platform.c'
'Invoking: ARM v7 gcc compiler'
arm-none-eabi-gcc -Wall -O0 -g3 -c -fmessage-length=0 -MT"src/platform.o" -mcpu=cortex-a9 -mfpu=vfpv3 -mfloat-abi=hard -I../../led_blink_bsp/ps7_cortexa9_0/include -MMD -MP -MF"src/platform.d" -MT"src/platform.o" -o "src/platform.o" "../src/platform.c"
'Finished building: ../src/platform.c'
' '
'Building target: led_blink.elf'
'Invoking: ARM v7 gcc linker'
arm-none-eabi-gcc -mcpu=cortex-a9 -mfpu=vfpv3 -mfloat-abi=hard -Wl,-build-id=none -specs=Xilinx.spec -Wl,-T -Wl,../src/lscript.ld -L../../led_blink_bsp/ps7_cortexa9_0/lib -o "led_blink.elf"  ./src/led_blink.o ./src/platform.o   -Wl,--start-group,-lxil,-lgcc,-lc,--end-group
'Finished building target: led_blink.elf'
' '
'Invoking: ARM v7 Print Size'
arm-none-eabi-size led_blink.elf  |tee "led_blink.elf.size"
   text	   data	    bss	    dec	    hex	filename
  23820	   1168	  22600	  47588	   b9e4	led_blink.elf
'Finished building: led_blink.elf.size'
' '
22:09:39 **** Auto Build of project led_blink_bsp ****
make -k all 
"Running Make include in ps7_cortexa9_0/libsrc/coresightps_dcc_v1_4/src"
make -C ps7_cortexa9_0/libsrc/coresightps_dcc_v1_4/src -s include  "SHELL=CMD" "COMPILER=arm-none-eabi-gcc" "ARCHIVER=arm-none-eabi-ar" "COMPILER_FLAGS=  -O2 -c" "EXTRA_COMPILER_FLAGS=-mcpu=cortex-a9 -mfpu=vfpv3 -mfloat-abi=hard -nostartfiles -g -Wall -Wextra"
"Running Make include in ps7_cortexa9_0/libsrc/cpu_cortexa9_v2_7/src"
make -C ps7_cortexa9_0/libsrc/cpu_cortexa9_v2_7/src -s include  "SHELL=CMD" "COMPILER=arm-none-eabi-gcc" "ARCHIVER=arm-none-eabi-ar" "COMPILER_FLAGS=  -O2 -c" "EXTRA_COMPILER_FLAGS=-mcpu=cortex-a9 -mfpu=vfpv3 -mfloat-abi=hard -nostartfiles -g -Wall -Wextra"
"Running Make include in ps7_cortexa9_0/libsrc/ddrps_v1_0/src"
make -C ps7_cortexa9_0/libsrc/ddrps_v1_0/src -s include  "SHELL=CMD" "COMPILER=arm-none-eabi-gcc" "ARCHIVER=arm-none-eabi-ar" "COMPILER_FLAGS=  -O2 -c" "EXTRA_COMPILER_FLAGS=-mcpu=cortex-a9 -mfpu=vfpv3 -mfloat-abi=hard -nostartfiles -g -Wall -Wextra"
"Running Make include in ps7_cortexa9_0/libsrc/devcfg_v3_5/src"
make -C ps7_cortexa9_0/libsrc/devcfg_v3_5/src -s include  "SHELL=CMD" "COMPILER=arm-none-eabi-gcc" "ARCHIVER=arm-none-eabi-ar" "COMPILER_FLAGS=  -O2 -c" "EXTRA_COMPILER_FLAGS=-mcpu=cortex-a9 -mfpu=vfpv3 -mfloat-abi=hard -nostartfiles -g -Wall -Wextra"
"Running Make include in ps7_cortexa9_0/libsrc/dmaps_v2_4/src"
make -C ps7_cortexa9_0/libsrc/dmaps_v2_4/src -s include  "SHELL=CMD" "COMPILER=arm-none-eabi-gcc" "ARCHIVER=arm-none-eabi-ar" "COMPILER_FLAGS=  -O2 -c" "EXTRA_COMPILER_FLAGS=-mcpu=cortex-a9 -mfpu=vfpv3 -mfloat-abi=hard -nostartfiles -g -Wall -Wextra"
"Running Make include in ps7_cortexa9_0/libsrc/emacps_v3_8/src"
make -C ps7_cortexa9_0/libsrc/emacps_v3_8/src -s include  "SHELL=CMD" "COMPILER=arm-none-eabi-gcc" "ARCHIVER=arm-none-eabi-ar" "COMPILER_FLAGS=  -O2 -c" "EXTRA_COMPILER_FLAGS=-mcpu=cortex-a9 -mfpu=vfpv3 -mfloat-abi=hard -nostartfiles -g -Wall -Wextra"
"Running Make include in ps7_cortexa9_0/libsrc/gpiops_v3_4/src"
make -C ps7_cortexa9_0/libsrc/gpiops_v3_4/src -s include  "SHELL=CMD" "COMPILER=arm-none-eabi-gcc" "ARCHIVER=arm-none-eabi-ar" "COMPILER_FLAGS=  -O2 -c" "EXTRA_COMPILER_FLAGS=-mcpu=cortex-a9 -mfpu=vfpv3 -mfloat-abi=hard -nostartfiles -g -Wall -Wextra"
"Running Make include in ps7_cortexa9_0/libsrc/gpio_v4_3/src"
make -C ps7_cortexa9_0/libsrc/gpio_v4_3/src -s include  "SHELL=CMD" "COMPILER=arm-none-eabi-gcc" "ARCHIVER=arm-none-eabi-ar" "COMPILER_FLAGS=  -O2 -c" "EXTRA_COMPILER_FLAGS=-mcpu=cortex-a9 -mfpu=vfpv3 -mfloat-abi=hard -nostartfiles -g -Wall -Wextra"
"Running Make include in ps7_cortexa9_0/libsrc/qspips_v3_5/src"
make -C ps7_cortexa9_0/libsrc/qspips_v3_5/src -s include  "SHELL=CMD" "COMPILER=arm-none-eabi-gcc" "ARCHIVER=arm-none-eabi-ar" "COMPILER_FLAGS=  -O2 -c" "EXTRA_COMPILER_FLAGS=-mcpu=cortex-a9 -mfpu=vfpv3 -mfloat-abi=hard -nostartfiles -g -Wall -Wextra"
"Running Make include in ps7_cortexa9_0/libsrc/scugic_v3_10/src"
make -C ps7_cortexa9_0/libsrc/scugic_v3_10/src -s include  "SHELL=CMD" "COMPILER=arm-none-eabi-gcc" "ARCHIVER=arm-none-eabi-ar" "COMPILER_FLAGS=  -O2 -c" "EXTRA_COMPILER_FLAGS=-mcpu=cortex-a9 -mfpu=vfpv3 -mfloat-abi=hard -nostartfiles -g -Wall -Wextra"
"Running Make include in ps7_cortexa9_0/libsrc/scutimer_v2_1/src"
make -C ps7_cortexa9_0/libsrc/scutimer_v2_1/src -s include  "SHELL=CMD" "COMPILER=arm-none-eabi-gcc" "ARCHIVER=arm-none-eabi-ar" "COMPILER_FLAGS=  -O2 -c" "EXTRA_COMPILER_FLAGS=-mcpu=cortex-a9 -mfpu=vfpv3 -mfloat-abi=hard -nostartfiles -g -Wall -Wextra"
"Running Make include in ps7_cortexa9_0/libsrc/scuwdt_v2_1/src"
make -C ps7_cortexa9_0/libsrc/scuwdt_v2_1/src -s include  "SHELL=CMD" "COMPILER=arm-none-eabi-gcc" "ARCHIVER=arm-none-eabi-ar" "COMPILER_FLAGS=  -O2 -c" "EXTRA_COMPILER_FLAGS=-mcpu=cortex-a9 -mfpu=vfpv3 -mfloat-abi=hard -nostartfiles -g -Wall -Wextra"
"Running Make include in ps7_cortexa9_0/libsrc/sdps_v3_6/src"
make -C ps7_cortexa9_0/libsrc/sdps_v3_6/src -s include  "SHELL=CMD" "COMPILER=arm-none-eabi-gcc" "ARCHIVER=arm-none-eabi-ar" "COMPILER_FLAGS=  -O2 -c" "EXTRA_COMPILER_FLAGS=-mcpu=cortex-a9 -mfpu=vfpv3 -mfloat-abi=hard -nostartfiles -g -Wall -Wextra"
"Running Make include in ps7_cortexa9_0/libsrc/standalone_v6_8/src"
make -C ps7_cortexa9_0/libsrc/standalone_v6_8/src -s include  "SHELL=CMD" "COMPILER=arm-none-eabi-gcc" "ARCHIVER=arm-none-eabi-ar" "COMPILER_FLAGS=  -O2 -c" "EXTRA_COMPILER_FLAGS=-mcpu=cortex-a9 -mfpu=vfpv3 -mfloat-abi=hard -nostartfiles -g -Wall -Wextra"
"Running Make include in ps7_cortexa9_0/libsrc/uartps_v3_7/src"
make -C ps7_cortexa9_0/libsrc/uartps_v3_7/src -s include  "SHELL=CMD" "COMPILER=arm-none-eabi-gcc" "ARCHIVER=arm-none-eabi-ar" "COMPILER_FLAGS=  -O2 -c" "EXTRA_COMPILER_FLAGS=-mcpu=cortex-a9 -mfpu=vfpv3 -mfloat-abi=hard -nostartfiles -g -Wall -Wextra"
"Running Make include in ps7_cortexa9_0/libsrc/usbps_v2_4/src"
make -C ps7_cortexa9_0/libsrc/usbps_v2_4/src -s include  "SHELL=CMD" "COMPILER=arm-none-eabi-gcc" "ARCHIVER=arm-none-eabi-ar" "COMPILER_FLAGS=  -O2 -c" "EXTRA_COMPILER_FLAGS=-mcpu=cortex-a9 -mfpu=vfpv3 -mfloat-abi=hard -nostartfiles -g -Wall -Wextra"
"Running Make include in ps7_cortexa9_0/libsrc/xadcps_v2_3/src"
make -C ps7_cortexa9_0/libsrc/xadcps_v2_3/src -s include  "SHELL=CMD" "COMPILER=arm-none-eabi-gcc" "ARCHIVER=arm-none-eabi-ar" "COMPILER_FLAGS=  -O2 -c" "EXTRA_COMPILER_FLAGS=-mcpu=cortex-a9 -mfpu=vfpv3 -mfloat-abi=hard -nostartfiles -g -Wall -Wextra"
"Running Make libs in ps7_cortexa9_0/libsrc/coresightps_dcc_v1_4/src"
make -C ps7_cortexa9_0/libsrc/coresightps_dcc_v1_4/src -s libs  "SHELL=CMD" "COMPILER=arm-none-eabi-gcc" "ARCHIVER=arm-none-eabi-ar" "COMPILER_FLAGS=  -O2 -c" "EXTRA_COMPILER_FLAGS=-mcpu=cortex-a9 -mfpu=vfpv3 -mfloat-abi=hard -nostartfiles -g -Wall -Wextra"
"Compiling coresightps_dcc"
"Running Make libs in ps7_cortexa9_0/libsrc/cpu_cortexa9_v2_7/src"
make -C ps7_cortexa9_0/libsrc/cpu_cortexa9_v2_7/src -s libs  "SHELL=CMD" "COMPILER=arm-none-eabi-gcc" "ARCHIVER=arm-none-eabi-ar" "COMPILER_FLAGS=  -O2 -c" "EXTRA_COMPILER_FLAGS=-mcpu=cortex-a9 -mfpu=vfpv3 -mfloat-abi=hard -nostartfiles -g -Wall -Wextra"
"Compiling cpu_cortexa9"
"Running Make libs in ps7_cortexa9_0/libsrc/ddrps_v1_0/src"
make -C ps7_cortexa9_0/libsrc/ddrps_v1_0/src -s libs  "SHELL=CMD" "COMPILER=arm-none-eabi-gcc" "ARCHIVER=arm-none-eabi-ar" "COMPILER_FLAGS=  -O2 -c" "EXTRA_COMPILER_FLAGS=-mcpu=cortex-a9 -mfpu=vfpv3 -mfloat-abi=hard -nostartfiles -g -Wall -Wextra"
"Compiling ddrps"
"Running Make libs in ps7_cortexa9_0/libsrc/devcfg_v3_5/src"
make -C ps7_cortexa9_0/libsrc/devcfg_v3_5/src -s libs  "SHELL=CMD" "COMPILER=arm-none-eabi-gcc" "ARCHIVER=arm-none-eabi-ar" "COMPILER_FLAGS=  -O2 -c" "EXTRA_COMPILER_FLAGS=-mcpu=cortex-a9 -mfpu=vfpv3 -mfloat-abi=hard -nostartfiles -g -Wall -Wextra"
"Compiling devcfg"
"Running Make libs in ps7_cortexa9_0/libsrc/dmaps_v2_4/src"
make -C ps7_cortexa9_0/libsrc/dmaps_v2_4/src -s libs  "SHELL=CMD" "COMPILER=arm-none-eabi-gcc" "ARCHIVER=arm-none-eabi-ar" "COMPILER_FLAGS=  -O2 -c" "EXTRA_COMPILER_FLAGS=-mcpu=cortex-a9 -mfpu=vfpv3 -mfloat-abi=hard -nostartfiles -g -Wall -Wextra"
"Compiling dmaps"
"Running Make libs in ps7_cortexa9_0/libsrc/emacps_v3_8/src"
make -C ps7_cortexa9_0/libsrc/emacps_v3_8/src -s libs  "SHELL=CMD" "COMPILER=arm-none-eabi-gcc" "ARCHIVER=arm-none-eabi-ar" "COMPILER_FLAGS=  -O2 -c" "EXTRA_COMPILER_FLAGS=-mcpu=cortex-a9 -mfpu=vfpv3 -mfloat-abi=hard -nostartfiles -g -Wall -Wextra"
"Compiling emacps"
"Running Make libs in ps7_cortexa9_0/libsrc/gpiops_v3_4/src"
make -C ps7_cortexa9_0/libsrc/gpiops_v3_4/src -s libs  "SHELL=CMD" "COMPILER=arm-none-eabi-gcc" "ARCHIVER=arm-none-eabi-ar" "COMPILER_FLAGS=  -O2 -c" "EXTRA_COMPILER_FLAGS=-mcpu=cortex-a9 -mfpu=vfpv3 -mfloat-abi=hard -nostartfiles -g -Wall -Wextra"
"Compiling gpiops"
"Running Make libs in ps7_cortexa9_0/libsrc/gpio_v4_3/src"
make -C ps7_cortexa9_0/libsrc/gpio_v4_3/src -s libs  "SHELL=CMD" "COMPILER=arm-none-eabi-gcc" "ARCHIVER=arm-none-eabi-ar" "COMPILER_FLAGS=  -O2 -c" "EXTRA_COMPILER_FLAGS=-mcpu=cortex-a9 -mfpu=vfpv3 -mfloat-abi=hard -nostartfiles -g -Wall -Wextra"
"Compiling gpio"
"Running Make libs in ps7_cortexa9_0/libsrc/qspips_v3_5/src"
make -C ps7_cortexa9_0/libsrc/qspips_v3_5/src -s libs  "SHELL=CMD" "COMPILER=arm-none-eabi-gcc" "ARCHIVER=arm-none-eabi-ar" "COMPILER_FLAGS=  -O2 -c" "EXTRA_COMPILER_FLAGS=-mcpu=cortex-a9 -mfpu=vfpv3 -mfloat-abi=hard -nostartfiles -g -Wall -Wextra"
"Compiling qspips"
"Running Make libs in ps7_cortexa9_0/libsrc/scugic_v3_10/src"
make -C ps7_cortexa9_0/libsrc/scugic_v3_10/src -s libs  "SHELL=CMD" "COMPILER=arm-none-eabi-gcc" "ARCHIVER=arm-none-eabi-ar" "COMPILER_FLAGS=  -O2 -c" "EXTRA_COMPILER_FLAGS=-mcpu=cortex-a9 -mfpu=vfpv3 -mfloat-abi=hard -nostartfiles -g -Wall -Wextra"
"Compiling scugic"
"Running Make libs in ps7_cortexa9_0/libsrc/scutimer_v2_1/src"
make -C ps7_cortexa9_0/libsrc/scutimer_v2_1/src -s libs  "SHELL=CMD" "COMPILER=arm-none-eabi-gcc" "ARCHIVER=arm-none-eabi-ar" "COMPILER_FLAGS=  -O2 -c" "EXTRA_COMPILER_FLAGS=-mcpu=cortex-a9 -mfpu=vfpv3 -mfloat-abi=hard -nostartfiles -g -Wall -Wextra"
"Compiling scutimer"
"Running Make libs in ps7_cortexa9_0/libsrc/scuwdt_v2_1/src"
make -C ps7_cortexa9_0/libsrc/scuwdt_v2_1/src -s libs  "SHELL=CMD" "COMPILER=arm-none-eabi-gcc" "ARCHIVER=arm-none-eabi-ar" "COMPILER_FLAGS=  -O2 -c" "EXTRA_COMPILER_FLAGS=-mcpu=cortex-a9 -mfpu=vfpv3 -mfloat-abi=hard -nostartfiles -g -Wall -Wextra"
"Compiling scuwdt"
"Running Make libs in ps7_cortexa9_0/libsrc/sdps_v3_6/src"
make -C ps7_cortexa9_0/libsrc/sdps_v3_6/src -s libs  "SHELL=CMD" "COMPILER=arm-none-eabi-gcc" "ARCHIVER=arm-none-eabi-ar" "COMPILER_FLAGS=  -O2 -c" "EXTRA_COMPILER_FLAGS=-mcpu=cortex-a9 -mfpu=vfpv3 -mfloat-abi=hard -nostartfiles -g -Wall -Wextra"
"Compiling sdps"
"Running Make libs in ps7_cortexa9_0/libsrc/standalone_v6_8/src"
make -C ps7_cortexa9_0/libsrc/standalone_v6_8/src -s libs  "SHELL=CMD" "COMPILER=arm-none-eabi-gcc" "ARCHIVER=arm-none-eabi-ar" "COMPILER_FLAGS=  -O2 -c" "EXTRA_COMPILER_FLAGS=-mcpu=cortex-a9 -mfpu=vfpv3 -mfloat-abi=hard -nostartfiles -g -Wall -Wextra"
"Compiling standalone"
In file included from usleep.c:56:0:
xtime_l.h:87:9: note: #pragma message: For the sleep routines, Global timer is being used
 #pragma message ("For the sleep routines, Global timer is being used")
         ^~~~~~~
In file included from sleep.c:53:0:
xtime_l.h:87:9: note: #pragma message: For the sleep routines, Global timer is being used
 #pragma message ("For the sleep routines, Global timer is being used")
         ^~~~~~~
In file included from xil_sleeptimer.c:51:0:
xtime_l.h:87:9: note: #pragma message: For the sleep routines, Global timer is being used
 #pragma message ("For the sleep routines, Global timer is being used")
         ^~~~~~~
In file included from xtime_l.c:49:0:
xtime_l.h:87:9: note: #pragma message: For the sleep routines, Global timer is being used
 #pragma message ("For the sleep routines, Global timer is being used")
         ^~~~~~~
"Running Make libs in ps7_cortexa9_0/libsrc/uartps_v3_7/src"
make -C ps7_cortexa9_0/libsrc/uartps_v3_7/src -s libs  "SHELL=CMD" "COMPILER=arm-none-eabi-gcc" "ARCHIVER=arm-none-eabi-ar" "COMPILER_FLAGS=  -O2 -c" "EXTRA_COMPILER_FLAGS=-mcpu=cortex-a9 -mfpu=vfpv3 -mfloat-abi=hard -nostartfiles -g -Wall -Wextra"
"Compiling uartps"
"Running Make libs in ps7_cortexa9_0/libsrc/usbps_v2_4/src"
make -C ps7_cortexa9_0/libsrc/usbps_v2_4/src -s libs  "SHELL=CMD" "COMPILER=arm-none-eabi-gcc" "ARCHIVER=arm-none-eabi-ar" "COMPILER_FLAGS=  -O2 -c" "EXTRA_COMPILER_FLAGS=-mcpu=cortex-a9 -mfpu=vfpv3 -mfloat-abi=hard -nostartfiles -g -Wall -Wextra"
"Compiling usbps"
"Running Make libs in ps7_cortexa9_0/libsrc/xadcps_v2_3/src"
make -C ps7_cortexa9_0/libsrc/xadcps_v2_3/src -s libs  "SHELL=CMD" "COMPILER=arm-none-eabi-gcc" "ARCHIVER=arm-none-eabi-ar" "COMPILER_FLAGS=  -O2 -c" "EXTRA_COMPILER_FLAGS=-mcpu=cortex-a9 -mfpu=vfpv3 -mfloat-abi=hard -nostartfiles -g -Wall -Wextra"
"Compiling xadcps"
'Finished building libraries'
22:09:58 **** Auto Build of configuration Debug for project led_blink ****
make pre-build main-build 
a9-linaro-pre-build-step
' '
'Building file: ../src/led_blink.c'
'Invoking: ARM v7 gcc compiler'
arm-none-eabi-gcc -Wall -O0 -g3 -c -fmessage-length=0 -MT"src/led_blink.o" -mcpu=cortex-a9 -mfpu=vfpv3 -mfloat-abi=hard -I../../led_blink_bsp/ps7_cortexa9_0/include -MMD -MP -MF"src/led_blink.d" -MT"src/led_blink.o" -o "src/led_blink.o" "../src/led_blink.c"
'Finished building: ../src/led_blink.c'
' '
'Building file: ../src/platform.c'
'Invoking: ARM v7 gcc compiler'
arm-none-eabi-gcc -Wall -O0 -g3 -c -fmessage-length=0 -MT"src/platform.o" -mcpu=cortex-a9 -mfpu=vfpv3 -mfloat-abi=hard -I../../led_blink_bsp/ps7_cortexa9_0/include -MMD -MP -MF"src/platform.d" -MT"src/platform.o" -o "src/platform.o" "../src/platform.c"
'Finished building: ../src/platform.c'
' '
'Building target: led_blink.elf'
'Invoking: ARM v7 gcc linker'
arm-none-eabi-gcc -mcpu=cortex-a9 -mfpu=vfpv3 -mfloat-abi=hard -Wl,-build-id=none -specs=Xilinx.spec -Wl,-T -Wl,../src/lscript.ld -L../../led_blink_bsp/ps7_cortexa9_0/lib -o "led_blink.elf"  ./src/led_blink.o ./src/platform.o   -Wl,--start-group,-lxil,-lgcc,-lc,--end-group
'Finished building target: led_blink.elf'
' '
'Invoking: ARM v7 Print Size'
arm-none-eabi-size led_blink.elf  |tee "led_blink.elf.size"
   text	   data	    bss	    dec	    hex	filename
  23820	   1168	  22600	  47588	   b9e4	led_blink.elf
'Finished building: led_blink.elf.size'
' '
